building julesc with g++ -std=c++26
  CXX src/core/diagnostics/diag.cpp
  CXX src/core/lexer/lexer.cpp
  CXX src/core/parser/parser.cpp
  CXX src/core/sema/sema.cpp
  CXX src/core/son/analysis/alias.cpp
  CXX src/core/son/analysis/analysis_manager.cpp
  CXX src/core/son/analysis/dominators.cpp
  CXX src/core/son/analysis/loop_info.cpp
  CXX src/core/son/analysis/memdep.cpp
  CXX src/core/son/builder.cpp
  CXX src/core/son/dumper.cpp
  CXX src/core/son/graph.cpp
  CXX src/core/son/passes/inline_util.cpp
  CXX src/core/son/passes/p01_dead_node_elimination.cpp
  CXX src/core/son/passes/p02_identity_collapse.cpp
  CXX src/core/son/passes/p03_constant_folding.cpp
  CXX src/core/son/passes/p04_type_canonicalization.cpp
  CXX src/core/son/passes/p05_comptime_residue_fold.cpp
  CXX src/core/son/passes/p06_assert_elision.cpp
  CXX src/core/son/passes/p07_phi_simplification.cpp
  CXX src/core/son/passes/p08_sccp.cpp
  CXX src/core/son/passes/p09_gvn.cpp
  CXX src/core/son/passes/p10_redundant_phi_elimination.cpp
  CXX src/core/son/passes/p11_copy_propagation.cpp
  CXX src/core/son/passes/p12_algebraic_simplification.cpp
  CXX src/core/son/passes/p13_reassociation.cpp
  CXX src/core/son/passes/p14_sign_extension_elimination.cpp
  CXX src/core/son/passes/p15_narrowing_transform.cpp
  CXX src/core/son/passes/p16_bitwise_optimization.cpp
  CXX src/core/son/passes/p17_select_optimization.cpp
  CXX src/core/son/passes/p18_overflow_check_elimination.cpp
  CXX src/core/son/passes/p19_alias_analysis_initialization.cpp
  CXX src/core/son/passes/p20_memory_dependence_analysis.cpp
  CXX src/core/son/passes/p21_redundant_load_elimination.cpp
  CXX src/core/son/passes/p22_store_to_load_forwarding.cpp
  CXX src/core/son/passes/p23_dead_store_elimination.cpp
  CXX src/core/son/passes/p24_store_merging.cpp
  CXX src/core/son/passes/p25_load_hoisting.cpp
  CXX src/core/son/passes/p26_sroa.cpp
  CXX src/core/son/passes/p27_bitfield_lowering.cpp
  CXX src/core/son/passes/p28_stack_slot_coloring.cpp
  CXX src/core/son/passes/p29_heap_to_stack_promotion.cpp
  CXX src/core/son/passes/p30_memory_ssa_repair.cpp
  CXX src/core/son/passes/p31_points_to_analysis.cpp
  CXX src/core/son/passes/p32_escape_analysis.cpp
  CXX src/core/son/passes/p33_partial_escape_analysis.cpp
  CXX src/core/son/passes/p34_allocation_site_profiling.cpp
  CXX src/core/son/passes/p35_materialization_point_insertion.cpp
  CXX src/core/son/passes/p36_lock_elision.cpp
  CXX src/core/son/passes/p37_loop_detection.cpp
  CXX src/core/son/passes/p38_induction_variable_recognition.cpp
  CXX src/core/son/passes/p39_loop_classification.cpp
  CXX src/core/son/passes/p40_licm.cpp
  CXX src/core/son/passes/p41_load_licm.cpp
  CXX src/core/son/passes/p42_loop_unrolling.cpp
  CXX src/core/son/passes/p43_profile_guided_unrolling.cpp
  CXX src/core/son/passes/p44_loop_peeling.cpp
  CXX src/core/son/passes/p45_loop_interchange.cpp
  CXX src/core/son/passes/p46_loop_fusion.cpp
  CXX src/core/son/passes/p47_loop_fission.cpp
  CXX src/core/son/passes/p48_predication.cpp
  CXX src/core/son/passes/p49_if_conversion.cpp
  CXX src/core/son/passes/p50_tail_recursion_elimination.cpp
  CXX src/core/son/passes/p51_branch_probability_inference.cpp
  CXX src/core/son/passes/p52_hot_path_straightening.cpp
  CXX src/core/son/passes/p53_idiom_recognition.cpp
  CXX src/core/son/passes/p54_slp_vectorizer.cpp
  CXX src/core/son/passes/p55_superword_packer.cpp
  CXX src/core/son/passes/p56_loop_vectorizer.cpp
  CXX src/core/son/passes/p57_outer_loop_vectorizer.cpp
  CXX src/core/son/passes/p58_interleaved_access_recognition.cpp
  CXX src/core/son/passes/p59_reduction_recognizer.cpp
  CXX src/core/son/passes/p60_vector_legalization.cpp
  CXX src/core/son/passes/p61_mask_generation.cpp
  CXX src/core/son/passes/p62_shuffle_optimization.cpp
  CXX src/core/son/passes/p63_auto_soa_transform.cpp
  CXX src/core/son/passes/p64_vector_cost_model_evaluation.cpp
  CXX src/core/son/passes/p65_simd_intrinsic_matching.cpp
  CXX src/core/son/passes/p66_vector_width_selection.cpp
  CXX src/core/son/passes/p67_class_hierarchy_analysis.cpp
  CXX src/core/son/passes/p68_static_devirtualization.cpp
  CXX src/core/son/passes/p69_speculative_devirtualization.cpp
  CXX src/core/son/passes/p70_inline_cache_insertion.cpp
  CXX src/core/son/passes/p71_guard_insertion.cpp
  CXX src/core/son/passes/p72_guard_hoisting.cpp
  CXX src/core/son/passes/p73_guard_weakening.cpp
  CXX src/core/son/passes/p74_guard_merging.cpp
  CXX src/core/son/passes/p75_assumption_tracking.cpp
  CXX src/core/son/passes/p76_inlining_cost_model.cpp
  CXX src/core/son/passes/p77_always_inline_enforcement.cpp
  CXX src/core/son/passes/p78_cost_based_inlining.cpp
  CXX src/core/son/passes/p79_recursive_inlining_bounding.cpp
  CXX src/core/son/passes/p80_argument_specialization.cpp
  CXX src/core/son/passes/p81_closure_inlining.cpp
  CXX src/core/son/passes/p82_lto_summary_generation.cpp
  CXX src/core/son/passes/p83_cfg_linearization.cpp
  CXX src/core/son/passes/p84_instruction_selection.cpp
  CXX src/core/son/passes/p85_register_allocation.cpp
  CXX src/core/son/passes/p86_post_ra_cleanup.cpp
  CXX src/core/son/passes/p87_machine_peephole.cpp
  CXX src/core/son/passes/p88_machine_licm.cpp
  CXX src/core/son/passes/p89_deopt_metadata_emission.cpp
  CXX src/core/son/passes/pass_manager.cpp
  CXX src/core/son/verifier.cpp
  CXX src/driver/main.cpp
  CXX src/targets/x86_64/x64_emit.cpp
built build/julesc
